# apk.map — logical name -> real Alpine package(s).
# Only rows where the name actually differs from the logical name (§1); anything
# not listed passes through unchanged (zsh, git, curl, lsd, foot, unzip,
# fontconfig, fd are all identical on apk, so they need no row).

build = build-base
dev-headers = openssl-dev pkgconf
gh = github-cli
ghostty = source:provide_ghostty   # no native ghostty on Alpine
gtk4-dev = gtk4.0-dev
libadwaita-dev = libadwaita-dev
gettext = gettext-dev
glib2 = glib                 # Alpine drops the API version (carries `gsettings`)

# chafa is native and current on Alpine 3.22+ (1.16.1+), so no method row. The
# build deps are here for provide_chafa, which modules/yazi.sh calls directly on
# a box whose chafa is older than CHAFA_MIN - Alpine <= 3.21 shipped 1.14.5.
chafa-build-deps = glib-dev freetype-dev libjpeg-turbo-dev libwebp-dev tiff-dev pkgconf

# thunderbird has no row and cannot get one: Alpine 3.19/3.20/3.21 ship 115/128
# (too old for the Exchange/EWS backend), but the tarball escape hatch the apt
# rows use is a GLIBC build - it does not run on musl, so pointing these releases
# at provide_thunderbird_tarball would install a binary that cannot start. 3.22+
# ships 140+ natively, which is the actual fix; modules/thunderbird.sh's version
# guard is what tells a 3.21 user why Exchange is missing.
