# apt.map — logical name -> real Debian/Ubuntu package(s).
# Only rows where the name actually differs from the logical name (§1); anything
# not listed passes through unchanged.

build = build-essential
dev-headers = libssl-dev pkg-config
fd = fd-find

# Native-first (§1a G6): prefer the distro package so it updates via apt; fall
# back to a downloaded binary / install script only on releases that lack it.
# Availability was checked per release; a row exists ONLY where native is absent.
#
#             lsd      starship   fastfetch
#   bullseye  none     none       none        (Debian 11)
#   bookworm  native   none       none        (Debian 12)
#   trixie    native   native     native      (Debian 13)
#   jammy     none     none       none        (Ubuntu 22.04)
#   noble     native   none       none        (Ubuntu 24.04)
#   resolute  native   native     native      (Ubuntu 26.04)

# bullseye (Debian 11) has dpkg 1.20, which can't read modern zstd-compressed
# .debs -> use the release tarball binary (-> /usr/local/bin) there instead.
lsd@bullseye = source:provide_lsd_tarball
lsd@jammy    = source:provide_lsd_deb

fastfetch@bullseye = source:provide_fastfetch_tarball
fastfetch@bookworm = source:provide_fastfetch_deb
fastfetch@jammy    = source:provide_fastfetch_deb
fastfetch@noble    = source:provide_fastfetch_deb

starship@bullseye = script:https://starship.rs/install.sh --yes
starship@bookworm = script:https://starship.rs/install.sh --yes
starship@jammy    = script:https://starship.rs/install.sh --yes
starship@noble    = script:https://starship.rs/install.sh --yes

# Native name differences (Debian/Ubuntu).
go = golang
docker = docker.io
serie = cargo:serie          # not packaged on Debian/Ubuntu

# gh + btop are native on every release EXCEPT Debian 11 (bullseye) -> upstream
# release tarball there (bullseye's old dpkg can't take modern .debs anyway).
gh@bullseye   = source:provide_gh_tarball
btop@bullseye = source:provide_btop_tarball

# zig is native only on Ubuntu 25.10 (resolute); Debian + older Ubuntu build from
# the official ziglang.org tarball. ghostty likewise: native on resolute, else
# built from source (heavy). Build-dep name splits for the ghostty source path.
zig = source:provide_zig
zig@resolute = zig
# ghostty: native on 25.10 (resolute); community .deb on the releases the
# ghostty-ubuntu installer supports (Ubuntu 24.04 noble, Debian 13 trixie); Zig
# source build on the rest (jammy/bullseye/bookworm - no community binary).
ghostty = source:provide_ghostty
ghostty@resolute = ghostty
ghostty@noble = source:provide_ghostty_deb
ghostty@trixie = source:provide_ghostty_deb
xz = xz-utils
gtk4-dev = libgtk-4-dev
libadwaita-dev = libadwaita-1-dev
amneziavpn = source:provide_amneziavpn


# zram-generator: Arch/Fedora/Void name it after the generator, Debian/Ubuntu
# prefix it with systemd- (modules/swap.sh).
zram-generator = systemd-zram-generator

# --- i3/X11 desktop (rices/void-i3-rosemuted) ---------------------------------
# The i3 rice is validated on Void; these rows are name mapping only, so the same
# manifest resolves on Debian/Ubuntu too. Debian bundles most X client utilities
# into two packages, which is exactly the one-to-many case pkgmap exists for (§1).
xorg-xinit = xinit
xorg-xrandr = x11-xserver-utils
xorg-xset = x11-xserver-utils
xorg-xsetroot = x11-xserver-utils
xorg-xprop = x11-utils
xorg-xev = x11-utils
xorg-xkill = x11-utils
xorg-xdpyinfo = x11-utils
xorg-xinput = xinput
xorg-xauth = xauth
xorg-fonts-misc = xfonts-base
gnome-disks = gnome-disk-utility
gdk-pixbuf2 = libgdk-pixbuf-2.0-0
vulkan-icd-loader = libvulkan1
libva-mesa-driver = mesa-va-drivers
mesa-vdpau = mesa-vdpau-drivers
noto-fonts = fonts-noto
noto-fonts-emoji = fonts-noto-color-emoji
noto-fonts-cjk = fonts-noto-cjk
ttf-liberation = fonts-liberation
ttf-dejavu = fonts-dejavu
gstreamer = libgstreamer1.0-0
gst-plugins-base = gstreamer1.0-plugins-base
gst-plugins-good = gstreamer1.0-plugins-good
gst-plugins-bad = gstreamer1.0-plugins-bad
gst-plugins-ugly = gstreamer1.0-plugins-ugly
gst-libav = gstreamer1.0-libav
gst-plugin-pipewire = gstreamer1.0-pipewire
gvfs-nfs = gvfs-backends
gvfs-smb = gvfs-backends
gvfs-mtp = gvfs-backends
gvfs-gphoto2 = gvfs-backends
gvfs-afc = gvfs-backends
gvfs-goa = gvfs-backends
polkit-gnome = policykit-1-gnome
network-manager-applet = network-manager-gnome
lm_sensors = lm-sensors
i3lock-color = i3lock
gtk-dark-theme = gnome-themes-extra
libva-utils = vainfo

# Soname-versioned Debian library packages (libpoppler-glib8, libheif1, libjxl0.11,
# ...) are deliberately NOT mapped here: the name changes with every release and
# the thumbnailers/pixbuf loaders pull them in as dependencies anyway.

# --- i3 desktop, second pass (name mapping only) ------------------------------
xorg-xmodmap = x11-xserver-utils
p7zip = p7zip-full
unrar = unrar-free
sane = sane-utils
gutenprint = printer-driver-gutenprint
cups-pdf = printer-driver-cups-pdf
cpupower = linux-cpupower
lm_sensors = lm-sensors
gvfs-afc = gvfs-backends
# vscode has no Debian-archive package (Microsoft ships its own apt repo), so
# there is deliberately no row: pkg_install would fail loudly rather than
# install something that only looks like VS Code.

# --- evolution (modules/evolution.sh) -----------------------------------------
# The evolution/evolution-data-server/evolution-ews trio keeps its upstream names
# in Debian main (bullseye through trixie, jammy through resolute), so only the
# two support packages need rows.
#
# There is no binary package called `dconf` on Debian — the source package splits
# into dconf-cli (the tool) and dconf-gsettings-backend (the settings backend the
# module's `gsettings set` calls need in order to persist anything).
dconf = dconf-cli dconf-gsettings-backend
# Debian keeps the GLib command-line tools out of the runtime library package, so
# nothing pulls in `gsettings` implicitly the way glib2 does on Arch/Fedora.
glib2 = libglib2.0-bin
