# apt.map — logical name -> real Debian/Ubuntu package(s).
# Only rows where the name actually differs from the logical name (§1); anything
# not listed passes through unchanged.

build = build-essential
dev-headers = libssl-dev pkg-config
fd = fd-find

# Native-first (§1a G6): prefer the distro package so it updates via apt; fall
# back to a downloaded binary / install script only on releases that lack it.
# Availability was checked per release; a row exists ONLY where native is absent.
#
#             lsd      starship   fastfetch
#   bullseye  none     none       none        (Debian 11)
#   bookworm  native   none       none        (Debian 12)
#   trixie    native   native     native      (Debian 13)
#   jammy     none     none       none        (Ubuntu 22.04)
#   noble     native   none       none        (Ubuntu 24.04)
#   resolute  native   native     native      (Ubuntu 26.04)

# bullseye (Debian 11) has dpkg 1.20, which can't read modern zstd-compressed
# .debs -> use the release tarball binary (-> /usr/local/bin) there instead.
lsd@bullseye = source:provide_lsd_tarball
lsd@jammy    = source:provide_lsd_deb

fastfetch@bullseye = source:provide_fastfetch_tarball
fastfetch@bookworm = source:provide_fastfetch_deb
fastfetch@jammy    = source:provide_fastfetch_deb
fastfetch@noble    = source:provide_fastfetch_deb

starship@bullseye = script:https://starship.rs/install.sh --yes
starship@bookworm = script:https://starship.rs/install.sh --yes
starship@jammy    = script:https://starship.rs/install.sh --yes
starship@noble    = script:https://starship.rs/install.sh --yes

# chafa: yazi needs >= 1.16.0 (it passes --probe, added in that release) or the
# image preview renders nothing at all - see CHAFA_MIN in lib/build.sh. Same
# native-first table as above, and here EVERY apt release except resolute is too
# old, so the rows are the rule rather than the exception:
#
#   bullseye 1.6.0   bookworm 1.12.4   trixie   1.14.5
#   jammy    1.8.0   noble    1.14.0   resolute 1.18.1  <- the only native row
#
# Upstream publishes a source tarball only (no prebuilt binary for any distro),
# so provide_chafa compiles it - the one build here that isn't a download.
chafa@bullseye = source:provide_chafa
chafa@bookworm = source:provide_chafa
chafa@trixie   = source:provide_chafa
chafa@jammy    = source:provide_chafa
chafa@noble    = source:provide_chafa
# glib + freetype are chafa's mandatory deps; jpeg/webp/tiff are the optional
# loaders worth having (PNG and GIF decode is built into chafa itself).
chafa-build-deps = libglib2.0-dev libfreetype-dev libjpeg-dev libwebp-dev libtiff-dev pkg-config

# Überzug++ is what yazi actually drives on a graphical session (X11 always,
# Wayland under sway/Hyprland/niri/Wayfire), and no Debian/Ubuntu release
# packages it - so the source build is the ONLY route here. chafa headers come
# from provide_chafa's /usr/local install, which runs before this in the module.
ueberzugpp = source:provide_ueberzugpp
ueberzugpp-build-deps = libvips-dev libsixel-dev libssl-dev libtbb-dev libxcb1-dev libxcb-image0-dev libxcb-res0-dev libwayland-dev wayland-protocols extra-cmake-modules nlohmann-json3-dev libcli11-dev libfmt-dev libspdlog-dev librange-v3-dev pkg-config

# Native name differences (Debian/Ubuntu).
go = golang
docker = docker.io
serie = cargo:serie          # not packaged on Debian/Ubuntu

# gh + btop are native on every release EXCEPT Debian 11 (bullseye) -> upstream
# release tarball there (bullseye's old dpkg can't take modern .debs anyway).
gh@bullseye   = source:provide_gh_tarball
btop@bullseye = source:provide_btop_tarball

# zig is native only on Ubuntu resolute; Debian + older Ubuntu build from
# the official ziglang.org tarball. ghostty likewise: native on resolute, else
# built from source (heavy). Build-dep name splits for the ghostty source path.
zig = source:provide_zig
zig@resolute = zig
# ghostty: native on resolute; community .deb on the releases the
# ghostty-ubuntu installer supports (Ubuntu 24.04 noble, Debian 13 trixie); Zig
# source build on the rest (jammy/bullseye/bookworm - no community binary).
ghostty = source:provide_ghostty
ghostty@resolute = ghostty
ghostty@noble = source:provide_ghostty_deb
ghostty@trixie = source:provide_ghostty_deb
xz = xz-utils
gtk4-dev = libgtk-4-dev
libadwaita-dev = libadwaita-1-dev

# Yandex Browser is in no Debian/Ubuntu archive; the vendor runs its own apt repo
# (modules/yandex-browser.sh), which the builder adds before installing.
yandex-browser = source:provide_yandex_browser


# zram-generator: Arch/Fedora/Void name it after the generator, Debian/Ubuntu
# prefix it with systemd- (modules/swap.sh).
zram-generator = systemd-zram-generator

# --- i3/X11 desktop (rices/i3-rosemary) ---------------------------------
# The i3 rice is validated on Void; these rows are name mapping only, so the same
# manifest resolves on Debian/Ubuntu too. Debian bundles most X client utilities
# into two packages, which is exactly the one-to-many case pkgmap exists for (§1).
xorg-xinit = xinit
xorg-xrandr = x11-xserver-utils
xorg-xset = x11-xserver-utils
xorg-xsetroot = x11-xserver-utils
xorg-xprop = x11-utils
xorg-xev = x11-utils
xorg-xkill = x11-utils
xorg-xdpyinfo = x11-utils
xorg-xinput = xinput
xorg-xauth = xauth
xorg-fonts-misc = xfonts-base
gnome-disks = gnome-disk-utility
gdk-pixbuf2 = libgdk-pixbuf-2.0-0
vulkan-icd-loader = libvulkan1
libva-mesa-driver = mesa-va-drivers
mesa-vdpau = mesa-vdpau-drivers
noto-fonts = fonts-noto
noto-fonts-emoji = fonts-noto-color-emoji
noto-fonts-cjk = fonts-noto-cjk
ttf-liberation = fonts-liberation
ttf-dejavu = fonts-dejavu
gstreamer = libgstreamer1.0-0
gst-plugins-base = gstreamer1.0-plugins-base
gst-plugins-good = gstreamer1.0-plugins-good
gst-plugins-bad = gstreamer1.0-plugins-bad
gst-plugins-ugly = gstreamer1.0-plugins-ugly
gst-libav = gstreamer1.0-libav
gst-plugin-pipewire = gstreamer1.0-pipewire
gvfs-nfs = gvfs-backends
gvfs-smb = gvfs-backends
gvfs-mtp = gvfs-backends
gvfs-gphoto2 = gvfs-backends
gvfs-afc = gvfs-backends
gvfs-goa = gvfs-backends
polkit-gnome = policykit-1-gnome
network-manager-applet = network-manager-gnome
lm_sensors = lm-sensors
i3lock-color = i3lock
gtk-dark-theme = gnome-themes-extra
libva-utils = vainfo
# Debian splits the Kvantum style plugin per Qt major version; there is no
# `kvantum` package. Both, so Qt5 and Qt6 apps pick up the same style.
kvantum = qt5-style-kvantum qt6-style-kvantum
# Debian/Ubuntu package no Nerd Fonts symbols font, and there is no equivalent
# (fonts-symbola is Unicode emoji, not the Powerline/devicon private-use range).
# Empty RHS = skip: modules/theming.sh downloads a full Nerd Font anyway, which
# carries the same patched glyphs.
nerd-fonts-symbols =

# Soname-versioned Debian library packages (libpoppler-glib8, libheif1, libjxl0.11,
# ...) are deliberately NOT mapped here: the name changes with every release and
# the thumbnailers/pixbuf loaders pull them in as dependencies anyway.

# --- i3 desktop, second pass (name mapping only) ------------------------------
xorg-xmodmap = x11-xserver-utils
p7zip = p7zip-full
unrar = unrar-free
sane = sane-utils
gutenprint = printer-driver-gutenprint
cups-pdf = printer-driver-cups-pdf
cpupower = linux-cpupower
lm_sensors = lm-sensors
gvfs-afc = gvfs-backends
# vscode has no Debian-archive package (Microsoft ships its own apt repo), so
# there is deliberately no row: pkg_install would fail loudly rather than
# install something that only looks like VS Code.

# --- evolution (modules/evolution.sh) -----------------------------------------
# The evolution/evolution-data-server/evolution-ews trio keeps its upstream names
# in Debian main (bullseye through trixie, jammy through resolute), so only the
# two support packages need rows.
#
# There is no binary package called `dconf` on Debian — the source package splits
# into dconf-cli (the tool) and dconf-gsettings-backend (the settings backend the
# module's `gsettings set` calls need in order to persist anything).
dconf = dconf-cli dconf-gsettings-backend
# Debian keeps the GLib command-line tools out of the runtime library package, so
# nothing pulls in `gsettings` implicitly the way glib2 does on Arch/Fedora.
glib2 = libglib2.0-bin

# --- thunderbird (modules/thunderbird.sh) -------------------------------------
# Native-first as everywhere else (§1a G6): a row exists ONLY on the releases
# that cannot give a usable Thunderbird, and the reason differs by release.
#
#             ships          why it can't stay native
#   bullseye  91 ESR         Exchange/EWS needs 140+
#   bookworm  115 ESR        same
#   trixie    128 ESR        same
#   jammy     115 ESR        same
#   noble     snap stub      `thunderbird` is a transitional package whose only
#   resolute  snap stub      job is `snap install thunderbird`; the snap moves the
#                            profile root to ~/snap/thunderbird/common/.thunderbird,
#                            where the module's user.js/userChrome.css layer is
#                            read by nothing.
#
# A release not listed here (a future Debian/Ubuntu that ships 140+ as a real deb)
# passes through to the archive package, and modules/thunderbird.sh's post-install
# version guard says so if that assumption turns out wrong.
#
# The route is Mozilla's official tarball, NOT packages.mozilla.org/apt: that repo
# publishes firefox only, so an apt-get install against it falls straight back to
# the archive's snap stub - the exact thing these rows exist to avoid.
thunderbird@bullseye = source:provide_thunderbird_tarball
thunderbird@bookworm = source:provide_thunderbird_tarball
thunderbird@trixie   = source:provide_thunderbird_tarball
thunderbird@jammy    = source:provide_thunderbird_tarball
thunderbird@noble    = source:provide_thunderbird_tarball
thunderbird@resolute = source:provide_thunderbird_tarball

# GPaste tracks GNOME Shell's version, and Debian/Ubuntu do not: resolute ships
# 45.3-5 against Shell 50, patched only to CLAIM compatibility in metadata.json.
# The mismatch costs the clipboard history, image support and a quiet panel all
# at once - see provide_gpaste. So source is the only route here, not a fallback.
gpaste = source:provide_gpaste
# meson/ninja/gettext build the project; gcr-4, gtk4 (+ its x11 backend),
# libadwaita and pango are the hard pkg-config deps in meson.build; the
# girepository pair builds the GIR the shell extension imports GPaste through;
# libx11/libxi back the X keybinder that X11 sessions fall back to.
gpaste-build-deps = meson ninja-build pkg-config gettext libgcr-4-dev libglib2.0-dev libgtk-4-dev libadwaita-1-dev libpango1.0-dev libgirepository-2.0-dev gobject-introspection libx11-dev libxi-dev

# turbostat/perf. Debian splits these: linux-cpupower carries turbostat,
# linux-perf the profiler. Neither is required by osr (see modules/benchmark.sh).
kernel-tools = linux-cpupower linux-perf
